[0.247s] DEBUG:colcon:Command line arguments: ['/usr/bin/colcon', 'build', '--symlink-install']
[0.247s] DEBUG:colcon:Parsed command line arguments: Namespace(log_base=None, log_level=None, verb_name='build', build_base='build', install_base='install', merge_install=False, symlink_install=True, test_result_base=None, continue_on_error=False, executor='parallel', parallel_workers=6, event_handlers=None, ignore_user_meta=False, metas=['./colcon.meta'], base_paths=['.'], packages_ignore=None, packages_ignore_regex=None, paths=None, packages_up_to=None, packages_up_to_regex=None, packages_above=None, packages_above_and_dependencies=None, packages_above_depth=None, packages_select_by_dep=None, packages_skip_by_dep=None, packages_skip_up_to=None, packages_select_build_failed=False, packages_skip_build_finished=False, packages_select_test_failures=False, packages_skip_test_passed=False, packages_select=None, packages_skip=None, packages_select_regex=None, packages_skip_regex=None, packages_start=None, packages_end=None, allow_overriding=[], cmake_args=None, cmake_target=None, cmake_target_skip_unavailable=False, cmake_clean_cache=False, cmake_clean_first=False, cmake_force_configure=False, ament_cmake_args=None, catkin_cmake_args=None, catkin_skip_building_tests=False, verb_parser=<colcon_defaults.argument_parser.defaults.DefaultArgumentsDecorator object at 0xffff92834160>, verb_extension=<colcon_core.verb.build.BuildVerb object at 0xffff927ffc10>, main=<bound method BuildVerb.main of <colcon_core.verb.build.BuildVerb object at 0xffff927ffc10>>)
[0.550s] Level 1:colcon.colcon_core.package_discovery:discover_packages(colcon_meta) check parameters
[0.550s] Level 1:colcon.colcon_core.package_discovery:discover_packages(recursive) check parameters
[0.550s] Level 1:colcon.colcon_core.package_discovery:discover_packages(ignore) check parameters
[0.550s] Level 1:colcon.colcon_core.package_discovery:discover_packages(path) check parameters
[0.550s] Level 1:colcon.colcon_core.package_discovery:discover_packages(colcon_meta) discover
[0.550s] Level 1:colcon.colcon_core.package_discovery:discover_packages(recursive) discover
[0.550s] INFO:colcon.colcon_core.package_discovery:Crawling recursively for packages in '/home/sky/vision'
[0.550s] Level 1:colcon.colcon_core.package_identification:_identify(.) by extensions ['ignore', 'ignore_ament_install']
[0.551s] Level 1:colcon.colcon_core.package_identification:_identify(.) by extension 'ignore'
[0.551s] Level 1:colcon.colcon_core.package_identification:_identify(.) by extension 'ignore_ament_install'
[0.551s] Level 1:colcon.colcon_core.package_identification:_identify(.) by extensions ['colcon_pkg']
[0.551s] Level 1:colcon.colcon_core.package_identification:_identify(.) by extension 'colcon_pkg'
[0.551s] Level 1:colcon.colcon_core.package_identification:_identify(.) by extensions ['colcon_meta']
[0.551s] Level 1:colcon.colcon_core.package_identification:_identify(.) by extension 'colcon_meta'
[0.551s] Level 1:colcon.colcon_core.package_identification:_identify(.) by extensions ['ros']
[0.551s] Level 1:colcon.colcon_core.package_identification:_identify(.) by extension 'ros'
[0.572s] Level 1:colcon.colcon_core.package_identification:_identify(.) by extensions ['cmake', 'python']
[0.573s] Level 1:colcon.colcon_core.package_identification:_identify(.) by extension 'cmake'
[0.573s] Level 1:colcon.colcon_core.package_identification:_identify(.) by extension 'python'
[0.573s] Level 1:colcon.colcon_core.package_identification:_identify(.) by extensions ['python_setup_py']
[0.573s] Level 1:colcon.colcon_core.package_identification:_identify(.) by extension 'python_setup_py'
[0.573s] Level 1:colcon.colcon_core.package_identification:_identify(__pycache__) by extensions ['ignore', 'ignore_ament_install']
[0.573s] Level 1:colcon.colcon_core.package_identification:_identify(__pycache__) by extension 'ignore'
[0.573s] Level 1:colcon.colcon_core.package_identification:_identify(__pycache__) by extension 'ignore_ament_install'
[0.574s] Level 1:colcon.colcon_core.package_identification:_identify(__pycache__) by extensions ['colcon_pkg']
[0.574s] Level 1:colcon.colcon_core.package_identification:_identify(__pycache__) by extension 'colcon_pkg'
[0.574s] Level 1:colcon.colcon_core.package_identification:_identify(__pycache__) by extensions ['colcon_meta']
[0.574s] Level 1:colcon.colcon_core.package_identification:_identify(__pycache__) by extension 'colcon_meta'
[0.574s] Level 1:colcon.colcon_core.package_identification:_identify(__pycache__) by extensions ['ros']
[0.574s] Level 1:colcon.colcon_core.package_identification:_identify(__pycache__) by extension 'ros'
[0.574s] Level 1:colcon.colcon_core.package_identification:_identify(__pycache__) by extensions ['cmake', 'python']
[0.574s] Level 1:colcon.colcon_core.package_identification:_identify(__pycache__) by extension 'cmake'
[0.574s] Level 1:colcon.colcon_core.package_identification:_identify(__pycache__) by extension 'python'
[0.574s] Level 1:colcon.colcon_core.package_identification:_identify(__pycache__) by extensions ['python_setup_py']
[0.574s] Level 1:colcon.colcon_core.package_identification:_identify(__pycache__) by extension 'python_setup_py'
[0.575s] Level 1:colcon.colcon_core.package_identification:_identify(build) by extensions ['ignore', 'ignore_ament_install']
[0.575s] Level 1:colcon.colcon_core.package_identification:_identify(build) by extension 'ignore'
[0.575s] Level 1:colcon.colcon_core.package_identification:_identify(build) ignored
[0.575s] Level 1:colcon.colcon_core.package_identification:_identify(export_logs) by extensions ['ignore', 'ignore_ament_install']
[0.575s] Level 1:colcon.colcon_core.package_identification:_identify(export_logs) by extension 'ignore'
[0.575s] Level 1:colcon.colcon_core.package_identification:_identify(export_logs) by extension 'ignore_ament_install'
[0.575s] Level 1:colcon.colcon_core.package_identification:_identify(export_logs) by extensions ['colcon_pkg']
[0.575s] Level 1:colcon.colcon_core.package_identification:_identify(export_logs) by extension 'colcon_pkg'
[0.575s] Level 1:colcon.colcon_core.package_identification:_identify(export_logs) by extensions ['colcon_meta']
[0.576s] Level 1:colcon.colcon_core.package_identification:_identify(export_logs) by extension 'colcon_meta'
[0.576s] Level 1:colcon.colcon_core.package_identification:_identify(export_logs) by extensions ['ros']
[0.576s] Level 1:colcon.colcon_core.package_identification:_identify(export_logs) by extension 'ros'
[0.576s] Level 1:colcon.colcon_core.package_identification:_identify(export_logs) by extensions ['cmake', 'python']
[0.576s] Level 1:colcon.colcon_core.package_identification:_identify(export_logs) by extension 'cmake'
[0.576s] Level 1:colcon.colcon_core.package_identification:_identify(export_logs) by extension 'python'
[0.576s] Level 1:colcon.colcon_core.package_identification:_identify(export_logs) by extensions ['python_setup_py']
[0.576s] Level 1:colcon.colcon_core.package_identification:_identify(export_logs) by extension 'python_setup_py'
[0.576s] Level 1:colcon.colcon_core.package_identification:_identify(install) by extensions ['ignore', 'ignore_ament_install']
[0.576s] Level 1:colcon.colcon_core.package_identification:_identify(install) by extension 'ignore'
[0.576s] Level 1:colcon.colcon_core.package_identification:_identify(install) ignored
[0.577s] Level 1:colcon.colcon_core.package_identification:_identify(log) by extensions ['ignore', 'ignore_ament_install']
[0.577s] Level 1:colcon.colcon_core.package_identification:_identify(log) by extension 'ignore'
[0.577s] Level 1:colcon.colcon_core.package_identification:_identify(log) ignored
[0.577s] Level 1:colcon.colcon_core.package_identification:_identify(models) by extensions ['ignore', 'ignore_ament_install']
[0.577s] Level 1:colcon.colcon_core.package_identification:_identify(models) by extension 'ignore'
[0.577s] Level 1:colcon.colcon_core.package_identification:_identify(models) by extension 'ignore_ament_install'
[0.577s] Level 1:colcon.colcon_core.package_identification:_identify(models) by extensions ['colcon_pkg']
[0.577s] Level 1:colcon.colcon_core.package_identification:_identify(models) by extension 'colcon_pkg'
[0.578s] Level 1:colcon.colcon_core.package_identification:_identify(models) by extensions ['colcon_meta']
[0.578s] Level 1:colcon.colcon_core.package_identification:_identify(models) by extension 'colcon_meta'
[0.578s] Level 1:colcon.colcon_core.package_identification:_identify(models) by extensions ['ros']
[0.578s] Level 1:colcon.colcon_core.package_identification:_identify(models) by extension 'ros'
[0.578s] Level 1:colcon.colcon_core.package_identification:_identify(models) by extensions ['cmake', 'python']
[0.578s] Level 1:colcon.colcon_core.package_identification:_identify(models) by extension 'cmake'
[0.578s] Level 1:colcon.colcon_core.package_identification:_identify(models) by extension 'python'
[0.578s] Level 1:colcon.colcon_core.package_identification:_identify(models) by extensions ['python_setup_py']
[0.578s] Level 1:colcon.colcon_core.package_identification:_identify(models) by extension 'python_setup_py'
[0.578s] Level 1:colcon.colcon_core.package_identification:_identify(onnx_models) by extensions ['ignore', 'ignore_ament_install']
[0.578s] Level 1:colcon.colcon_core.package_identification:_identify(onnx_models) by extension 'ignore'
[0.579s] Level 1:colcon.colcon_core.package_identification:_identify(onnx_models) by extension 'ignore_ament_install'
[0.579s] Level 1:colcon.colcon_core.package_identification:_identify(onnx_models) by extensions ['colcon_pkg']
[0.579s] Level 1:colcon.colcon_core.package_identification:_identify(onnx_models) by extension 'colcon_pkg'
[0.579s] Level 1:colcon.colcon_core.package_identification:_identify(onnx_models) by extensions ['colcon_meta']
[0.579s] Level 1:colcon.colcon_core.package_identification:_identify(onnx_models) by extension 'colcon_meta'
[0.579s] Level 1:colcon.colcon_core.package_identification:_identify(onnx_models) by extensions ['ros']
[0.579s] Level 1:colcon.colcon_core.package_identification:_identify(onnx_models) by extension 'ros'
[0.579s] Level 1:colcon.colcon_core.package_identification:_identify(onnx_models) by extensions ['cmake', 'python']
[0.579s] Level 1:colcon.colcon_core.package_identification:_identify(onnx_models) by extension 'cmake'
[0.579s] Level 1:colcon.colcon_core.package_identification:_identify(onnx_models) by extension 'python'
[0.579s] Level 1:colcon.colcon_core.package_identification:_identify(onnx_models) by extensions ['python_setup_py']
[0.579s] Level 1:colcon.colcon_core.package_identification:_identify(onnx_models) by extension 'python_setup_py'
[0.580s] Level 1:colcon.colcon_core.package_identification:_identify(output) by extensions ['ignore', 'ignore_ament_install']
[0.580s] Level 1:colcon.colcon_core.package_identification:_identify(output) by extension 'ignore'
[0.580s] Level 1:colcon.colcon_core.package_identification:_identify(output) by extension 'ignore_ament_install'
[0.580s] Level 1:colcon.colcon_core.package_identification:_identify(output) by extensions ['colcon_pkg']
[0.580s] Level 1:colcon.colcon_core.package_identification:_identify(output) by extension 'colcon_pkg'
[0.580s] Level 1:colcon.colcon_core.package_identification:_identify(output) by extensions ['colcon_meta']
[0.580s] Level 1:colcon.colcon_core.package_identification:_identify(output) by extension 'colcon_meta'
[0.580s] Level 1:colcon.colcon_core.package_identification:_identify(output) by extensions ['ros']
[0.580s] Level 1:colcon.colcon_core.package_identification:_identify(output) by extension 'ros'
[0.580s] Level 1:colcon.colcon_core.package_identification:_identify(output) by extensions ['cmake', 'python']
[0.581s] Level 1:colcon.colcon_core.package_identification:_identify(output) by extension 'cmake'
[0.581s] Level 1:colcon.colcon_core.package_identification:_identify(output) by extension 'python'
[0.581s] Level 1:colcon.colcon_core.package_identification:_identify(output) by extensions ['python_setup_py']
[0.581s] Level 1:colcon.colcon_core.package_identification:_identify(output) by extension 'python_setup_py'
[0.581s] Level 1:colcon.colcon_core.package_identification:_identify(suas_auto_ros_vision) by extensions ['ignore', 'ignore_ament_install']
[0.581s] Level 1:colcon.colcon_core.package_identification:_identify(suas_auto_ros_vision) by extension 'ignore'
[0.581s] Level 1:colcon.colcon_core.package_identification:_identify(suas_auto_ros_vision) by extension 'ignore_ament_install'
[0.581s] Level 1:colcon.colcon_core.package_identification:_identify(suas_auto_ros_vision) by extensions ['colcon_pkg']
[0.581s] Level 1:colcon.colcon_core.package_identification:_identify(suas_auto_ros_vision) by extension 'colcon_pkg'
[0.581s] Level 1:colcon.colcon_core.package_identification:_identify(suas_auto_ros_vision) by extensions ['colcon_meta']
[0.581s] Level 1:colcon.colcon_core.package_identification:_identify(suas_auto_ros_vision) by extension 'colcon_meta'
[0.582s] Level 1:colcon.colcon_core.package_identification:_identify(suas_auto_ros_vision) by extensions ['ros']
[0.582s] Level 1:colcon.colcon_core.package_identification:_identify(suas_auto_ros_vision) by extension 'ros'
[0.586s] DEBUG:colcon.colcon_core.package_identification:Package 'suas_auto_ros_vision' with type 'ros.ament_python' and name 'suas_auto'
[0.586s] Level 1:colcon.colcon_core.package_discovery:discover_packages(recursive) using defaults
[0.586s] Level 1:colcon.colcon_core.package_discovery:discover_packages(ignore) discover
[0.586s] Level 1:colcon.colcon_core.package_discovery:discover_packages(ignore) using defaults
[0.586s] Level 1:colcon.colcon_core.package_discovery:discover_packages(path) discover
[0.586s] Level 1:colcon.colcon_core.package_discovery:discover_packages(path) using defaults
[0.625s] Level 1:colcon.colcon_core.package_discovery:discover_packages(prefix_path) check parameters
[0.625s] Level 1:colcon.colcon_core.package_discovery:discover_packages(prefix_path) discover
[0.630s] DEBUG:colcon.colcon_installed_package_information.package_discovery:Found 2 installed packages in /home/sky/ros2_ws/install
[0.632s] DEBUG:colcon.colcon_installed_package_information.package_discovery:Found 273 installed packages in /opt/ros/humble
[0.636s] Level 1:colcon.colcon_core.package_discovery:discover_packages(prefix_path) using defaults
[0.725s] Level 5:colcon.colcon_core.verb:set package 'suas_auto' build argument 'cmake_args' from command line to 'None'
[0.726s] Level 5:colcon.colcon_core.verb:set package 'suas_auto' build argument 'cmake_target' from command line to 'None'
[0.726s] Level 5:colcon.colcon_core.verb:set package 'suas_auto' build argument 'cmake_target_skip_unavailable' from command line to 'False'
[0.726s] Level 5:colcon.colcon_core.verb:set package 'suas_auto' build argument 'cmake_clean_cache' from command line to 'False'
[0.726s] Level 5:colcon.colcon_core.verb:set package 'suas_auto' build argument 'cmake_clean_first' from command line to 'False'
[0.726s] Level 5:colcon.colcon_core.verb:set package 'suas_auto' build argument 'cmake_force_configure' from command line to 'False'
[0.726s] Level 5:colcon.colcon_core.verb:set package 'suas_auto' build argument 'ament_cmake_args' from command line to 'None'
[0.726s] Level 5:colcon.colcon_core.verb:set package 'suas_auto' build argument 'catkin_cmake_args' from command line to 'None'
[0.726s] Level 5:colcon.colcon_core.verb:set package 'suas_auto' build argument 'catkin_skip_building_tests' from command line to 'False'
[0.726s] DEBUG:colcon.colcon_core.verb:Building package 'suas_auto' with the following arguments: {'ament_cmake_args': None, 'build_base': '/home/sky/vision/build/suas_auto', 'catkin_cmake_args': None, 'catkin_skip_building_tests': False, 'cmake_args': None, 'cmake_clean_cache': False, 'cmake_clean_first': False, 'cmake_force_configure': False, 'cmake_target': None, 'cmake_target_skip_unavailable': False, 'install_base': '/home/sky/vision/install/suas_auto', 'merge_install': False, 'path': '/home/sky/vision/suas_auto_ros_vision', 'symlink_install': True, 'test_result_base': None}
[0.726s] INFO:colcon.colcon_core.executor:Executing jobs using 'parallel' executor
[0.728s] DEBUG:colcon.colcon_parallel_executor.executor.parallel:run_until_complete
[0.728s] INFO:colcon.colcon_ros.task.ament_python.build:Building ROS package in '/home/sky/vision/suas_auto_ros_vision' with build type 'ament_python'
[0.729s] Level 1:colcon.colcon_core.shell:create_environment_hook('suas_auto', 'ament_prefix_path')
[0.734s] INFO:colcon.colcon_core.plugin_system:Skipping extension 'colcon_core.shell.bat': Not used on non-Windows systems
[0.734s] INFO:colcon.colcon_core.shell:Creating environment hook '/home/sky/vision/install/suas_auto/share/suas_auto/hook/ament_prefix_path.ps1'
[0.736s] INFO:colcon.colcon_core.shell:Creating environment descriptor '/home/sky/vision/install/suas_auto/share/suas_auto/hook/ament_prefix_path.dsv'
[0.737s] INFO:colcon.colcon_core.shell:Creating environment hook '/home/sky/vision/install/suas_auto/share/suas_auto/hook/ament_prefix_path.sh'
[0.739s] INFO:colcon.colcon_core.shell:Skip shell extension 'powershell' for command environment: Not usable outside of PowerShell
[0.739s] DEBUG:colcon.colcon_core.shell:Skip shell extension 'dsv' for command environment
[1.179s] INFO:colcon.colcon_core.task.python.build:Building Python package in '/home/sky/vision/suas_auto_ros_vision'
[1.180s] INFO:colcon.colcon_core.shell:Skip shell extension 'powershell' for command environment: Not usable outside of PowerShell
[1.180s] DEBUG:colcon.colcon_core.shell:Skip shell extension 'dsv' for command environment
[1.769s] DEBUG:colcon.colcon_core.task.python.build:Available setuptools commands: install_headers, clean, test, easy_install, build_py, install, install_data, bdist_dumb, check, rotate, install_lib, upload_docs, build_scripts, alias, symlink_data, develop, install_egg_info, bdist_rpm, build_clib, dist_info, setopt, egg_info, saveopts, upload, bdist_wheel, install_scripts, bdist_egg, bdist, build_ext, build, sdist, register
[2.247s] DEBUG:colcon.colcon_core.task.python.build:Available setuptools 'develop' options: --install-dir, --find-links, --no-user-cfg, --verbose, --install-layout, --index-url, --upgrade, --local-snapshots-ok, --uninstall, --site-dirs, --record, --help, --script-dir, --dry-run, --exclude-scripts, --zip-ok, --force-installation-into-system-dir, --quiet, --no-deps, --prefix, --multi-version, --always-copy, --no-find-links, --editable, --allow-hosts, --egg-path, --optimize, --version, --user, --build-directory, --always-unzip
[2.250s] DEBUG:colcon.colcon_core.event_handler.log_command:Invoking command in '/home/sky/vision/build/suas_auto': PYTHONPATH=/home/sky/vision/build/suas_auto/prefix_override:/usr/lib/python3/dist-packages/colcon_core/task/python/colcon_distutils_commands:/home/sky/vision/install/suas_auto/lib/python3.10/site-packages:${PYTHONPATH} /usr/bin/python3 -W ignore:setup.py install is deprecated -W ignore:easy_install command is deprecated setup.py develop --editable --build-directory /home/sky/vision/build/suas_auto/build --no-deps symlink_data
[3.022s] Level 1:colcon.colcon_core.shell:create_environment_hook('suas_auto', 'pythonpath_develop')
[3.023s] INFO:colcon.colcon_core.shell:Creating environment hook '/home/sky/vision/build/suas_auto/share/suas_auto/hook/pythonpath_develop.ps1'
[3.024s] DEBUG:colcon.colcon_core.event_handler.log_command:Invoked command in '/home/sky/vision/build/suas_auto' returned '0': PYTHONPATH=/home/sky/vision/build/suas_auto/prefix_override:/usr/lib/python3/dist-packages/colcon_core/task/python/colcon_distutils_commands:/home/sky/vision/install/suas_auto/lib/python3.10/site-packages:${PYTHONPATH} /usr/bin/python3 -W ignore:setup.py install is deprecated -W ignore:easy_install command is deprecated setup.py develop --editable --build-directory /home/sky/vision/build/suas_auto/build --no-deps symlink_data
[3.025s] INFO:colcon.colcon_core.shell:Creating environment descriptor '/home/sky/vision/build/suas_auto/share/suas_auto/hook/pythonpath_develop.dsv'
[3.025s] INFO:colcon.colcon_core.shell:Creating environment hook '/home/sky/vision/build/suas_auto/share/suas_auto/hook/pythonpath_develop.sh'
[3.033s] Level 1:colcon.colcon_core.environment:checking '/home/sky/vision/install/suas_auto' for CMake module files
[3.033s] Level 1:colcon.colcon_core.environment:checking '/home/sky/vision/install/suas_auto' for CMake config files
[3.035s] Level 1:colcon.colcon_core.environment:checking '/home/sky/vision/install/suas_auto/lib'
[3.035s] Level 1:colcon.colcon_core.environment:checking '/home/sky/vision/install/suas_auto/bin'
[3.035s] Level 1:colcon.colcon_core.environment:checking '/home/sky/vision/install/suas_auto/lib/pkgconfig/suas_auto.pc'
[3.035s] Level 1:colcon.colcon_core.environment:checking '/home/sky/vision/install/suas_auto/lib/python3.10/site-packages'
[3.035s] Level 1:colcon.colcon_core.shell:create_environment_hook('suas_auto', 'pythonpath')
[3.036s] INFO:colcon.colcon_core.shell:Creating environment hook '/home/sky/vision/install/suas_auto/share/suas_auto/hook/pythonpath.ps1'
[3.037s] INFO:colcon.colcon_core.shell:Creating environment descriptor '/home/sky/vision/install/suas_auto/share/suas_auto/hook/pythonpath.dsv'
[3.037s] INFO:colcon.colcon_core.shell:Creating environment hook '/home/sky/vision/install/suas_auto/share/suas_auto/hook/pythonpath.sh'
[3.038s] Level 1:colcon.colcon_core.environment:checking '/home/sky/vision/install/suas_auto/bin'
[3.038s] Level 1:colcon.colcon_core.environment:create_environment_scripts_only(suas_auto)
[3.039s] INFO:colcon.colcon_core.shell:Creating package script '/home/sky/vision/install/suas_auto/share/suas_auto/package.ps1'
[3.041s] INFO:colcon.colcon_core.shell:Creating package descriptor '/home/sky/vision/install/suas_auto/share/suas_auto/package.dsv'
[3.042s] INFO:colcon.colcon_core.shell:Creating package script '/home/sky/vision/install/suas_auto/share/suas_auto/package.sh'
[3.044s] INFO:colcon.colcon_core.shell:Creating package script '/home/sky/vision/install/suas_auto/share/suas_auto/package.bash'
[3.045s] INFO:colcon.colcon_core.shell:Creating package script '/home/sky/vision/install/suas_auto/share/suas_auto/package.zsh'
[3.047s] Level 1:colcon.colcon_core.environment:create_file_with_runtime_dependencies(/home/sky/vision/install/suas_auto/share/colcon-core/packages/suas_auto)
[3.047s] DEBUG:colcon.colcon_parallel_executor.executor.parallel:closing loop
[3.048s] DEBUG:colcon.colcon_parallel_executor.executor.parallel:loop closed
[3.048s] DEBUG:colcon.colcon_parallel_executor.executor.parallel:run_until_complete finished with '0'
[3.048s] DEBUG:colcon.colcon_core.event_reactor:joining thread
[3.048s] DEBUG:colcon.colcon_core.event_reactor:joined thread
[3.049s] INFO:colcon.colcon_core.shell:Creating prefix script '/home/sky/vision/install/local_setup.ps1'
[3.050s] INFO:colcon.colcon_core.shell:Creating prefix util module '/home/sky/vision/install/_local_setup_util_ps1.py'
[3.053s] INFO:colcon.colcon_core.shell:Creating prefix chain script '/home/sky/vision/install/setup.ps1'
[3.055s] INFO:colcon.colcon_core.shell:Creating prefix script '/home/sky/vision/install/local_setup.sh'
[3.056s] INFO:colcon.colcon_core.shell:Creating prefix util module '/home/sky/vision/install/_local_setup_util_sh.py'
[3.057s] INFO:colcon.colcon_core.shell:Creating prefix chain script '/home/sky/vision/install/setup.sh'
[3.059s] INFO:colcon.colcon_core.shell:Creating prefix script '/home/sky/vision/install/local_setup.bash'
[3.060s] INFO:colcon.colcon_core.shell:Creating prefix chain script '/home/sky/vision/install/setup.bash'
[3.062s] INFO:colcon.colcon_core.shell:Creating prefix script '/home/sky/vision/install/local_setup.zsh'
[3.063s] INFO:colcon.colcon_core.shell:Creating prefix chain script '/home/sky/vision/install/setup.zsh'
