[1.521s] Invoking command in '/home/sky/vision/build/suas_auto': PYTHONPATH=/home/sky/vision/build/suas_auto/prefix_override:/usr/lib/python3/dist-packages/colcon_core/task/python/colcon_distutils_commands:/home/sky/vision/install/suas_auto/lib/python3.10/site-packages:${PYTHONPATH} /usr/bin/python3 -W ignore:setup.py install is deprecated -W ignore:easy_install command is deprecated setup.py develop --editable --build-directory /home/sky/vision/build/suas_auto/build --no-deps symlink_data
[1.956s] running develop
[2.227s] running egg_info
[2.227s] creating suas_auto.egg-info
[2.227s] writing suas_auto.egg-info/PKG-INFO
[2.228s] writing dependency_links to suas_auto.egg-info/dependency_links.txt
[2.228s] writing entry points to suas_auto.egg-info/entry_points.txt
[2.228s] writing requirements to suas_auto.egg-info/requires.txt
[2.228s] writing top-level names to suas_auto.egg-info/top_level.txt
[2.228s] writing manifest file 'suas_auto.egg-info/SOURCES.txt'
[2.231s] reading manifest file 'suas_auto.egg-info/SOURCES.txt'
[2.232s] writing manifest file 'suas_auto.egg-info/SOURCES.txt'
[2.235s] running build_ext
[2.235s] Creating /home/sky/vision/install/suas_auto/lib/python3.10/site-packages/suas-auto.egg-link (link to .)
[2.236s] Installing vision_detect script to /home/sky/vision/install/suas_auto/lib/suas_auto
[2.237s] 
[2.237s] Installed /home/sky/vision/build/suas_auto
[2.237s] running symlink_data
[2.237s] creating /home/sky/vision/install/suas_auto/share/ament_index
[2.237s] creating /home/sky/vision/install/suas_auto/share/ament_index/resource_index
[2.238s] creating /home/sky/vision/install/suas_auto/share/ament_index/resource_index/packages
[2.238s] symbolically linking /home/sky/vision/build/suas_auto/resource/suas_auto -> /home/sky/vision/install/suas_auto/share/ament_index/resource_index/packages
[2.238s] symbolically linking /home/sky/vision/build/suas_auto/package.xml -> /home/sky/vision/install/suas_auto/share/suas_auto
[2.295s] Invoked command in '/home/sky/vision/build/suas_auto' returned '0': PYTHONPATH=/home/sky/vision/build/suas_auto/prefix_override:/usr/lib/python3/dist-packages/colcon_core/task/python/colcon_distutils_commands:/home/sky/vision/install/suas_auto/lib/python3.10/site-packages:${PYTHONPATH} /usr/bin/python3 -W ignore:setup.py install is deprecated -W ignore:easy_install command is deprecated setup.py develop --editable --build-directory /home/sky/vision/build/suas_auto/build --no-deps symlink_data
